I'm sorry, but errors were detected in your script. Please correct the
errors listed below, and try again.


File "game/script.rpy", line 115: expected statement.
    He “Everyone please welcome [C.name] to our class. They will be joining us for the rest of the semester. It’s not every day that a new student slips into the Honors class at the last minute.”
                                ^

Ren'Py Version: Ren'Py 8.0.3.22090809
Fri Apr 14 14:14:18 2023
